
> family-meal-tracker@0.1.0 build
> next build --webpack

??Next.js 16.1.6 (webpack)
- Environments: .env.local

  Creating an optimized production build ...
 ??(pwa) Compiling for server...
 ??(pwa) Compiling for server...
 ??(pwa) Compiling for client (static)...
 ??(pwa) Service worker: C:\Users\mjuik\FamilyMeal\public\sw.js
 ??(pwa)   URL: /sw.js
 ??(pwa)   Scope: /
??Compiled successfully in 1631.2ms
  Running TypeScript ...
  Collecting page data using 15 workers ...
  Generating static pages using 15 workers (0/6) ...
node.exe : Error occurred prerendering page "/add". Read more: h
ttps://nextjs.org/docs/messages/prerender-error
위치 줄:1 문자:1
+ & "C:\Program Files\nodejs/node.exe" "C:\Program Files\nodejs/
node_mo ...
+ ~~~~~~~~~~~~~~~~~~~~~~~~~~~~~~~~~~~~~~~~~~~~~~~~~~~~~~~~~~~~~~
~~~~~~~
    + CategoryInfo          : NotSpecified: (Error occurred ... 
   prerender-error:String) [], RemoteException
    + FullyQualifiedErrorId : NativeCommandError
 
Error: [firebase] Missing required environment variable(s): apiK
ey, authDomain, projectId, storageBucket, messagingSenderId, app
Id
    at 15233 (C:\Users\mjuik\FamilyMeal\.next\server\chunks\844.
js:6:765)
    at g (C:\Users\mjuik\FamilyMeal\.next\server\webpack-runtime
.js:1:136)
    at 91096 (C:\Users\mjuik\FamilyMeal\.next\server\chunks\844.
js:6:8202)
    at Object.g [as require] (C:\Users\mjuik\FamilyMeal\.next\se
rver\webpack-runtime.js:1:136) {
  digest: '4219716207'
}
Export encountered an error on /add/page: /add, exiting the buil
d.
殊?Next.js build worker exited with code: 1 and signal: null
